// Jest Snapshot v1, https://goo.gl/fbAQLP

exports[`Footer - renders correclty 1`] = `
<div
  className="footer"
>
  netflixroulette
</div>
`;
