// Jest Snapshot v1, https://goo.gl/fbAQLP

exports[`SearchBar - renders correctly 1`] = `
<input
  onChange={[MockFunction]}
  onKeyPress={[MockFunction]}
  placeholder="placeholder"
  type="text"
  value="searchquery"
/>
`;
